node.exe : npm error code ENOENT
At C:\Program Files\nodejs\npm.ps1:29 char:3
+   & $NODE_EXE $NPM_CLI_JS $args
+   ~~~~~~~~~~~~~~~~~~~~~~~~~~~~~
    + CategoryInfo          : NotSpecified: (npm error code ENOENT:String) [], 
    RemoteException
    + FullyQualifiedErrorId : NativeCommandError
 
npm error syscall open
npm error path D:\Collage Lakshya Hidau\talentconnect\package.json
npm error errno -4058
npm error enoent Could not read package.json: Error: ENOENT: no such file or 
directory, open 'D:\Collage Lakshya Hidau\talentconnect\package.json'
npm error enoent This is related to npm not being able to find a file.
npm error enoent
npm error A complete log of this run can be found in: C:\Users\Lakshya\AppData\
Local\npm-cache\_logs\2026-04-23T18_21_29_368Z-debug-0.log
