
> server@1.0.0 test
> vitest


[1m[44m DEV [49m[22m [34mv3.2.4 [39m[90mD:/Collage Lakshya Hidau/talentconnect/server[39m

node.exe : [90mstderr[2m | tests/authController.test.js[2m > [22m[2mAuth 
Controller Tests[2m > [22m[2mregister function[2m > [22m[2mshould create 
user successfully
At C:\Program Files\nodejs\npm.ps1:29 char:3
+   & $NODE_EXE $NPM_CLI_JS $args
+   ~~~~~~~~~~~~~~~~~~~~~~~~~~~~~
    + CategoryInfo          : NotSpecified: ([90mstderr[2m...er successfully 
   :String) [], RemoteException
    + FullyQualifiedErrorId : NativeCommandError
 
[22m[39mVerification email send failed: Cannot read properties of undefined 
(reading 'doc')

[90mstderr[2m | tests/authController.test.js[2m > [22m[2mAuth Controller 
Tests[2m > [22m[2mregister function[2m > [22m[2mshould create user 
successfully
[22m[39mPost-registration sign-in failed; user will need to login manually: 
TypeError: Cannot read properties of undefined (reading 'user')
    at Module.register [90m(D:\Collage Lakshya 
Hidau\talentconnect\server\[39mcontrollers\authController.js:318:44[90m)[39m
[90m    at processTicksAndRejections 
(node:internal/process/task_queues:105:5)[39m
    at [90mD:\Collage Lakshya 
Hidau\talentconnect\server\[39mtests\authController.test.js:121:7
    at [90mfile:///D:/Collage%20Lakshya%20Hidau/talentconnect/server/[39mnode
_modules/[4m@vitest[24m/runner/dist/chunk-hooks.js:752:20

[90mstderr[2m | tests/authController.test.js[2m > [22m[2mAuth Controller 
Tests[2m > [22m[2mregister function[2m > [22m[2mshould handle 
registration errors
[22m[39mRegistration error: Error: Email already exists
    at [90mD:\Collage Lakshya 
Hidau\talentconnect\server\[39mtests\authController.test.js:136:46
    at [90mfile:///D:/Collage%20Lakshya%20Hidau/talentconnect/server/[39mnode
_modules/[4m@vitest[24m/runner/dist/chunk-hooks.js:155:11
    at [90mfile:///D:/Collage%20Lakshya%20Hidau/talentconnect/server/[39mnode
_modules/[4m@vitest[24m/runner/dist/chunk-hooks.js:752:26
    at [90mfile:///D:/Collage%20Lakshya%20Hidau/talentconnect/server/[39mnode
_modules/[4m@vitest[24m/runner/dist/chunk-hooks.js:1897:20
    at new Promise (<anonymous>)
    at runWithTimeout [90m(file:///D:/Collage%20Lakshya%20Hidau/talentconnect/
server/[39mnode_modules/[4m@vitest[24m/runner/dist/chunk-hooks.js:1863:10[9
0m)[39m
    at runTest [90m(file:///D:/Collage%20Lakshya%20Hidau/talentconnect/server/
[39mnode_modules/[4m@vitest[24m/runner/dist/chunk-hooks.js:1574:12[90m)[39
m
[90m    at processTicksAndRejections 
(node:internal/process/task_queues:105:5)[39m
    at runSuite [90m(file:///D:/Collage%20Lakshya%20Hidau/talentconnect/server
/[39mnode_modules/[4m@vitest[24m/runner/dist/chunk-hooks.js:1729:8[90m)[39
m
    at runSuite [90m(file:///D:/Collage%20Lakshya%20Hidau/talentconnect/server
/[39mnode_modules/[4m@vitest[24m/runner/dist/chunk-hooks.js:1729:8[90m)[39
m

[90mstderr[2m | tests/authController.test.js[2m > [22m[2mAuth Controller 
Tests[2m > [22m[2mregister function[2m > [22m[2mshould validate required 
fields
[22m[39mRegistration error: Error: Email already exists
    at [90mD:\Collage Lakshya 
Hidau\talentconnect\server\[39mtests\authController.test.js:136:46
    at [90mfile:///D:/Collage%20Lakshya%20Hidau/talentconnect/server/[39mnode
_modules/[4m@vitest[24m/runner/dist/chunk-hooks.js:155:11
    at [90mfile:///D:/Collage%20Lakshya%20Hidau/talentconnect/server/[39mnode
_modules/[4m@vitest[24m/runner/dist/chunk-hooks.js:752:26
    at [90mfile:///D:/Collage%20Lakshya%20Hidau/talentconnect/server/[39mnode
_modules/[4m@vitest[24m/runner/dist/chunk-hooks.js:1897:20
    at new Promise (<anonymous>)
    at runWithTimeout [90m(file:///D:/Collage%20Lakshya%20Hidau/talentconnect/
server/[39mnode_modules/[4m@vitest[24m/runner/dist/chunk-hooks.js:1863:10[9
0m)[39m
    at runTest [90m(file:///D:/Collage%20Lakshya%20Hidau/talentconnect/server/
[39mnode_modules/[4m@vitest[24m/runner/dist/chunk-hooks.js:1574:12[90m)[39
m
[90m    at processTicksAndRejections 
(node:internal/process/task_queues:105:5)[39m
    at runSuite [90m(file:///D:/Collage%20Lakshya%20Hidau/talentconnect/server
/[39mnode_modules/[4m@vitest[24m/runner/dist/chunk-hooks.js:1729:8[90m)[39
m
    at runSuite [90m(file:///D:/Collage%20Lakshya%20Hidau/talentconnect/server
/[39mnode_modules/[4m@vitest[24m/runner/dist/chunk-hooks.js:1729:8[90m)[39
m

[90mstderr[2m | tests/authController.test.js[2m > [22m[2mAuth Controller 
Tests[2m > [22m[2mlogin function[2m > [22m[2mshould login user 
successfully
[22m[39mLogin error: TypeError: Cannot read properties of undefined (reading 
'user')
    at Module.login [90m(D:\Collage Lakshya 
Hidau\talentconnect\server\[39mcontrollers\authController.js:516:37[90m)[39m
[90m    at processTicksAndRejections 
(node:internal/process/task_queues:105:5)[39m
    at [90mD:\Collage Lakshya 
Hidau\talentconnect\server\[39mtests\authController.test.js:212:7
    at [90mfile:///D:/Collage%20Lakshya%20Hidau/talentconnect/server/[39mnode
_modules/[4m@vitest[24m/runner/dist/chunk-hooks.js:752:20

[90mstderr[2m | tests/authController.test.js[2m > [22m[2mAuth Controller 
Tests[2m > [22m[2mlogin function[2m > [22m[2mshould reject invalid 
credentials
[22m[39mLogin error: TypeError: Cannot read properties of undefined (reading 
'user')
    at Module.login [90m(D:\Collage Lakshya 
Hidau\talentconnect\server\[39mcontrollers\authController.js:516:37[90m)[39m
[90m    at processTicksAndRejections 
(node:internal/process/task_queues:105:5)[39m
    at [90mD:\Collage Lakshya 
Hidau\talentconnect\server\[39mtests\authController.test.js:242:7
    at [90mfile:///D:/Collage%20Lakshya%20Hidau/talentconnect/server/[39mnode
_modules/[4m@vitest[24m/runner/dist/chunk-hooks.js:752:20

[90mstderr[2m | tests/authController.test.js[2m > [22m[2mAuth Controller 
Tests[2m > [22m[2mlogin function[2m > [22m[2mshould handle login errors 
gracefully
[22m[39mLogin error: TypeError: Cannot read properties of undefined (reading 
'user')
    at Module.login [90m(D:\Collage Lakshya 
Hidau\talentconnect\server\[39mcontrollers\authController.js:516:37[90m)[39m
[90m    at processTicksAndRejections 
(node:internal/process/task_queues:105:5)[39m
    at [90mD:\Collage Lakshya 
Hidau\talentconnect\server\[39mtests\authController.test.js:268:7
    at [90mfile:///D:/Collage%20Lakshya%20Hidau/talentconnect/server/[39mnode
_modules/[4m@vitest[24m/runner/dist/chunk-hooks.js:752:20

[90mstderr[2m | tests/authController.test.js[2m > [22m[2mAuth Controller 
Tests[2m > [22m[2mgoogleLogin function[2m > [22m[2mshould login with 
Google OAuth successfully
[22m[39mGoogle login error: TypeError: Cannot read properties of undefined 
(reading 'json')
    at Module.googleLogin [90m(D:\Collage Lakshya 
Hidau\talentconnect\server\[39mcontrollers\authController.js:359:70[90m)[39m
[90m    at processTicksAndRejections 
(node:internal/process/task_queues:105:5)[39m
    at [90mD:\Collage Lakshya 
Hidau\talentconnect\server\[39mtests\authController.test.js:312:7
    at [90mfile:///D:/Collage%20Lakshya%20Hidau/talentconnect/server/[39mnode
_modules/[4m@vitest[24m/runner/dist/chunk-hooks.js:752:20

[90mstderr[2m | tests/authController.test.js[2m > [22m[2mAuth Controller 
Tests[2m > [22m[2mgoogleLogin function[2m > [22m[2mshould handle invalid 
idToken
[22m[39mGoogle login error: Error: Invalid token
    at [90mD:\Collage Lakshya 
Hidau\talentconnect\server\[39mtests\authController.test.js:320:49
    at [90mfile:///D:/Collage%20Lakshya%20Hidau/talentconnect/server/[39mnode
_modules/[4m@vitest[24m/runner/dist/chunk-hooks.js:155:11
    at [90mfile:///D:/Collage%20Lakshya%20Hidau/talentconnect/server/[39mnode
_modules/[4m@vitest[24m/runner/dist/chunk-hooks.js:752:26
    at [90mfile:///D:/Collage%20Lakshya%20Hidau/talentconnect/server/[39mnode
_modules/[4m@vitest[24m/runner/dist/chunk-hooks.js:1897:20
    at new Promise (<anonymous>)
    at runWithTimeout [90m(file:///D:/Collage%20Lakshya%20Hidau/talentconnect/
server/[39mnode_modules/[4m@vitest[24m/runner/dist/chunk-hooks.js:1863:10[9
0m)[39m
    at runTest [90m(file:///D:/Collage%20Lakshya%20Hidau/talentconnect/server/
[39mnode_modules/[4m@vitest[24m/runner/dist/chunk-hooks.js:1574:12[90m)[39
m
[90m    at processTicksAndRejections 
(node:internal/process/task_queues:105:5)[39m
    at runSuite [90m(file:///D:/Collage%20Lakshya%20Hidau/talentconnect/server
/[39mnode_modules/[4m@vitest[24m/runner/dist/chunk-hooks.js:1729:8[90m)[39
m
    at runSuite [90m(file:///D:/Collage%20Lakshya%20Hidau/talentconnect/server
/[39mnode_modules/[4m@vitest[24m/runner/dist/chunk-hooks.js:1729:8[90m)[39
m

[90mstdout[2m | tests/authController.test.js[2m > [22m[2mAuth Controller Tests[2m > [22m[2madminLogin function[2m > [22m[2mshould login admin successfully
[22m[39m[SECURITY] Successful admin login from IP: 127.0.0.1

[90mstdout[2m | tests/projectController.test.js
[22m[39m[dotenv@17.3.1] injecting env (30) from .env -- tip: ≡ƒ¢í∩╕Å auth for agents: https://vestauth.com

[90mstdout[2m | tests/authController.test.js[2m > [22m[2mAuth Controller Tests[2m > [22m[2madminLogin function[2m > [22m[2mshould reject invalid admin credentials
[22m[39m[SECURITY] Successful admin login from IP: 127.0.0.1

 [32mΓ£ô[39m tests/authController.test.js [2m([22m[2m12 tests[22m[2m)[22m[33m 712[2mms[22m[39m
[90mstdout[2m | tests/projectController.test.js[2m > [22m[2mProject Controller Tests[2m > [22m[2mupdateApplicationStatus function[2m > [22m[2mshould update application status successfully
[22m[39m[Email] Shortlist email sent to: talent@example.com

[90mstdout[2m | tests/projectController.test.js[2m > [22m[2mProject Controller Tests[2m > [22m[2mscheduleAudition function[2m > [22m[2mshould schedule audition successfully
[22m[39m[Email] Audition email sent to: talent@example.com

 [32mΓ£ô[39m tests/projectController.test.js [2m([22m[2m14 tests[22m[2m)[22m[33m 7669[2mms[22m[39m
   [33m[2mΓ£ô[22m[39m Project Controller Tests[2m > [22mupdateApplicationStatus function[2m > [22mshould update application status successfully [33m 4156[2mms[22m[39m
   [33m[2mΓ£ô[22m[39m Project Controller Tests[2m > [22mscheduleAudition function[2m > [22mshould schedule audition successfully [33m 3483[2mms[22m[39m

[2m Test Files [22m [1m[32m2 passed[39m[22m[90m (2)[39m
[2m      Tests [22m [1m[32m26 passed[39m[22m[90m (26)[39m
[2m   Start at [22m 23:51:51
[2m   Duration [22m 9.00s[2m (transform 526ms, setup 0ms, collect 1.08s, tests 8.38s, environment 1ms, prepare 554ms)[22m

[1m[42m PASS [49m[22m [32mWaiting for file changes...[39m
       [2mpress [22m[1mh[22m[2m to show help[22m[2m, [22m[2mpress [22m[1mq[22m[2m to quit[22m
